src/app/modules/bookings/booking.controller.ts(133,7): error TS2353: Object literal may only specify known properties, and 'totalBookings' does not exist in type 'TMeta'.
src/app/modules/dashboard/touristDashboard.service.ts(117,37): error TS2339: Property 'title' does not exist on type 'ObjectId'.
src/app/modules/dashboard/touristDashboard.service.ts(118,35): error TS2339: Property 'name' does not exist on type 'ObjectId'.
src/app/modules/dashboard/touristDashboard.service.ts(119,36): error TS2339: Property 'profilePicture' does not exist on type 'ObjectId'.
src/app/modules/dashboard/touristDashboard.service.ts(121,28): error TS2339: Property 'startDate' does not exist on type 'Document<ObjectId, any, any, Record<string, any>, {}> & IBooking & Required<{ _id: ObjectId; }> & { __v: number; }'.
src/app/modules/dashboard/touristDashboard.service.ts(122,26): error TS2339: Property 'endDate' does not exist on type 'Document<ObjectId, any, any, Record<string, any>, {}> & IBooking & Required<{ _id: ObjectId; }> & { __v: number; }'.
src/app/modules/dashboard/touristDashboard.service.ts(123,25): error TS2339: Property 'amount' does not exist on type 'Document<ObjectId, any, any, Record<string, any>, {}> & IBooking & Required<{ _id: ObjectId; }> & { __v: number; }'.
src/app/utils/QueryBuilder.ts(36,9): error TS18046: 'queryObj.price' is of type 'unknown'.
src/app/utils/QueryBuilder.ts(40,9): error TS18046: 'queryObj.price' is of type 'unknown'.
